oled.c:6:6:delay	16	static
oled.c:12:6:OLED_WR_Byte	24	static
oled.c:35:6:OLED_ColorTurn	16	static
oled.c:46:6:OLED_DisplayTurn	16	static
oled.c:60:6:OLED_DisPlay_On	8	static
oled.c:67:6:OLED_DisPlay_Off	8	static
oled.c:74:6:OLED_Refresh	16	static
oled.c:87:6:OLED_Clear	16	static
oled.c:100:6:OLED_DrawPoint	24	static
oled.c:115:6:OLED_DrawLine	64	static
oled.c:164:6:OLED_DrawCircle	32	static
oled.c:191:6:OLED_ShowChar	32	static
oled.c:235:6:OLED_ShowString	32	static
oled.c:249:5:OLED_Pow	24	static
oled.c:259:6:OLED_ShowNum	40	static
oled.c:278:6:OLED_Init	8	static
