oled.c:6:6:delay	16	static
oled.c:12:6:OLED_ColorTurn	16	static
oled.c:25:6:OLED_DisplayTurn	16	static
oled.c:39:6:OLED_WR_Byte	24	static
oled.c:64:6:OLED_DisPlay_On	8	static
oled.c:72:6:OLED_DisPlay_Off	8	static
oled.c:80:6:OLED_Refresh	16	static
oled.c:93:6:OLED_Clear	16	static
oled.c:110:6:OLED_DrawPoint	24	static
oled.c:128:6:OLED_DrawLine	64	static
oled.c:164:6:OLED_DrawCircle	32	static
oled.c:198:6:OLED_ShowChar	32	static
oled.c:236:6:OLED_ShowString	32	static
oled.c:248:5:OLED_Pow	24	static
oled.c:264:6:OLED_ShowNum	40	static
oled.c:286:6:OLED_ShowChinese	40	static
oled.c:319:6:OLED_ScrollDisplay	40	static
oled.c:361:6:OLED_ShowPicture	32	static
oled.c:391:6:OLED_Init	8	static
